<!doctype html public "-//w3c//dtd html 4.0 transitional//en">
<html><head>
<title>Static Call Graph - [.\Obj\LPC1111_RFID.axf]</title></head>
<body><HR>
<H1>Static Call Graph for image .\Obj\LPC1111_RFID.axf</H1><HR>
<BR><P>#&#060CALLGRAPH&#062# ARM Linker, 4.1 [Build 894]: Last Updated: Wed Jul 25 11:44:21 2018
<BR><P>
<H3>Maximum Stack Usage =        200 bytes + Unknown(Cycles, Untraceable Function Pointers)</H3><H3>
Call chain for Maximum Stack Depth:</H3>
main &rArr; PcdValue &rArr; PcdComMF522 &rArr; SetBitMask &rArr; WriteRawRC &rArr; GPIOSetValue
<P>
<H3>
Mutually Recursive functions
</H3> <LI><a href="#[1]">NMI_Handler</a>&nbsp;&nbsp;&nbsp;&rArr;&nbsp;&nbsp;&nbsp;<a href="#[1]">NMI_Handler</a><BR>
 <LI><a href="#[2]">HardFault_Handler</a>&nbsp;&nbsp;&nbsp;&rArr;&nbsp;&nbsp;&nbsp;<a href="#[2]">HardFault_Handler</a><BR>
 <LI><a href="#[3]">SVC_Handler</a>&nbsp;&nbsp;&nbsp;&rArr;&nbsp;&nbsp;&nbsp;<a href="#[3]">SVC_Handler</a><BR>
 <LI><a href="#[4]">PendSV_Handler</a>&nbsp;&nbsp;&nbsp;&rArr;&nbsp;&nbsp;&nbsp;<a href="#[4]">PendSV_Handler</a><BR>
 <LI><a href="#[5]">SysTick_Handler</a>&nbsp;&nbsp;&nbsp;&rArr;&nbsp;&nbsp;&nbsp;<a href="#[5]">SysTick_Handler</a><BR>
 <LI><a href="#[12]">ADC_IRQHandler</a>&nbsp;&nbsp;&nbsp;&rArr;&nbsp;&nbsp;&nbsp;<a href="#[12]">ADC_IRQHandler</a><BR>
</UL>
<P>
<H3>
Function Pointers
</H3><UL>
 <LI><a href="#[12]">ADC_IRQHandler</a> from startup_lpc11xx.o(.text) referenced from startup_lpc11xx.o(RESET)
 <LI><a href="#[14]">BOD_IRQHandler</a> from startup_lpc11xx.o(.text) referenced from startup_lpc11xx.o(RESET)
 <LI><a href="#[7]">CAN_IRQHandler</a> from startup_lpc11xx.o(.text) referenced from startup_lpc11xx.o(RESET)
 <LI><a href="#[15]">FMC_IRQHandler</a> from startup_lpc11xx.o(.text) referenced from startup_lpc11xx.o(RESET)
 <LI><a href="#[2]">HardFault_Handler</a> from startup_lpc11xx.o(.text) referenced from startup_lpc11xx.o(RESET)
 <LI><a href="#[9]">I2C_IRQHandler</a> from startup_lpc11xx.o(.text) referenced from startup_lpc11xx.o(RESET)
 <LI><a href="#[1]">NMI_Handler</a> from startup_lpc11xx.o(.text) referenced from startup_lpc11xx.o(RESET)
 <LI><a href="#[19]">PIOINT0_IRQHandler</a> from gpio.o(.text) referenced from startup_lpc11xx.o(RESET)
 <LI><a href="#[18]">PIOINT1_IRQHandler</a> from gpio.o(.text) referenced from startup_lpc11xx.o(RESET)
 <LI><a href="#[17]">PIOINT2_IRQHandler</a> from gpio.o(.text) referenced from startup_lpc11xx.o(RESET)
 <LI><a href="#[16]">PIOINT3_IRQHandler</a> from gpio.o(.text) referenced from startup_lpc11xx.o(RESET)
 <LI><a href="#[4]">PendSV_Handler</a> from startup_lpc11xx.o(.text) referenced from startup_lpc11xx.o(RESET)
 <LI><a href="#[0]">Reset_Handler</a> from startup_lpc11xx.o(.text) referenced from startup_lpc11xx.o(RESET)
 <LI><a href="#[e]">SSP0_IRQHandler</a> from ssp.o(.text) referenced from startup_lpc11xx.o(RESET)
 <LI><a href="#[8]">SSP1_IRQHandler</a> from startup_lpc11xx.o(.text) referenced from startup_lpc11xx.o(RESET)
 <LI><a href="#[3]">SVC_Handler</a> from startup_lpc11xx.o(.text) referenced from startup_lpc11xx.o(RESET)
 <LI><a href="#[5]">SysTick_Handler</a> from startup_lpc11xx.o(.text) referenced from startup_lpc11xx.o(RESET)
 <LI><a href="#[1b]">SystemInit</a> from system_lpc11xx.o(.text) referenced from startup_lpc11xx.o(.text)
 <LI><a href="#[a]">TIMER16_0_IRQHandler</a> from startup_lpc11xx.o(.text) referenced from startup_lpc11xx.o(RESET)
 <LI><a href="#[b]">TIMER16_1_IRQHandler</a> from startup_lpc11xx.o(.text) referenced from startup_lpc11xx.o(RESET)
 <LI><a href="#[c]">TIMER32_0_IRQHandler</a> from startup_lpc11xx.o(.text) referenced from startup_lpc11xx.o(RESET)
 <LI><a href="#[d]">TIMER32_1_IRQHandler</a> from startup_lpc11xx.o(.text) referenced from startup_lpc11xx.o(RESET)
 <LI><a href="#[f]">UART_IRQHandler</a> from uart.o(.text) referenced from startup_lpc11xx.o(RESET)
 <LI><a href="#[11]">USB_FIQHandler</a> from startup_lpc11xx.o(.text) referenced from startup_lpc11xx.o(RESET)
 <LI><a href="#[10]">USB_IRQHandler</a> from startup_lpc11xx.o(.text) referenced from startup_lpc11xx.o(RESET)
 <LI><a href="#[6]">WAKEUP_IRQHandler</a> from startup_lpc11xx.o(.text) referenced 13 times from startup_lpc11xx.o(RESET)
 <LI><a href="#[13]">WDT_IRQHandler</a> from startup_lpc11xx.o(.text) referenced from startup_lpc11xx.o(RESET)
 <LI><a href="#[1c]">__main</a> from entry.o(.ARM.Collect$$$$00000000) referenced from startup_lpc11xx.o(.text)
 <LI><a href="#[1d]">fputc</a> from retarget.o(.text) referenced from printfb.o(i.__0printf$bare)
 <LI><a href="#[1a]">main</a> from main.o(.text) referenced from entry8.o(.ARM.Collect$$$$00000009)
</UL>
<P>
<H3>
Global Symbols
</H3>
<P><STRONG><a name="[1c]"></a>__main</STRONG> (Thumb, 0 bytes, Stack size unknown bytes, entry.o(.ARM.Collect$$$$00000000))
<BR>[Address Reference Count : 1]<UL><LI> startup_lpc11xx.o(.text)
</UL>
<P><STRONG><a name="[49]"></a>_main_stk</STRONG> (Thumb, 0 bytes, Stack size unknown bytes, entry2.o(.ARM.Collect$$$$00000001))

<P><STRONG><a name="[1e]"></a>_main_scatterload</STRONG> (Thumb, 0 bytes, Stack size unknown bytes, entry5.o(.ARM.Collect$$$$00000004))
<BR><BR>[Calls]<UL><LI><a href="#[1f]">&gt;&gt;</a>&nbsp;&nbsp;&nbsp;__scatterload
</UL>

<P><STRONG><a name="[21]"></a>__main_after_scatterload</STRONG> (Thumb, 0 bytes, Stack size unknown bytes, entry5.o(.ARM.Collect$$$$00000004))
<BR><BR>[Called By]<UL><LI><a href="#[1f]">&gt;&gt;</a>&nbsp;&nbsp;&nbsp;__scatterload
</UL>

<P><STRONG><a name="[4a]"></a>_main_clock</STRONG> (Thumb, 0 bytes, Stack size unknown bytes, entry7b.o(.ARM.Collect$$$$00000008))

<P><STRONG><a name="[4b]"></a>_main_init</STRONG> (Thumb, 0 bytes, Stack size unknown bytes, entry8.o(.ARM.Collect$$$$00000009))

<P><STRONG><a name="[42]"></a>__nop_</STRONG> (Thumb, 86 bytes, Stack size 0 bytes, rc522.o(.emb_text))
<BR><BR>[Called By]<UL><LI><a href="#[41]">&gt;&gt;</a>&nbsp;&nbsp;&nbsp;WriteRawRC
<LI><a href="#[30]">&gt;&gt;</a>&nbsp;&nbsp;&nbsp;PcdReset
</UL>

<P><STRONG><a name="[0]"></a>Reset_Handler</STRONG> (Thumb, 8 bytes, Stack size 0 bytes, startup_lpc11xx.o(.text))
<BR>[Address Reference Count : 1]<UL><LI> startup_lpc11xx.o(RESET)
</UL>
<P><STRONG><a name="[1]"></a>NMI_Handler</STRONG> (Thumb, 2 bytes, Stack size 0 bytes, startup_lpc11xx.o(.text))
<BR><BR>[Calls]<UL><LI><a href="#[1]">&gt;&gt;</a>&nbsp;&nbsp;&nbsp;NMI_Handler
</UL>
<BR>[Called By]<UL><LI><a href="#[1]">&gt;&gt;</a>&nbsp;&nbsp;&nbsp;NMI_Handler
</UL>
<BR>[Address Reference Count : 1]<UL><LI> startup_lpc11xx.o(RESET)
</UL>
<P><STRONG><a name="[2]"></a>HardFault_Handler</STRONG> (Thumb, 2 bytes, Stack size 0 bytes, startup_lpc11xx.o(.text))
<BR><BR>[Calls]<UL><LI><a href="#[2]">&gt;&gt;</a>&nbsp;&nbsp;&nbsp;HardFault_Handler
</UL>
<BR>[Called By]<UL><LI><a href="#[2]">&gt;&gt;</a>&nbsp;&nbsp;&nbsp;HardFault_Handler
</UL>
<BR>[Address Reference Count : 1]<UL><LI> startup_lpc11xx.o(RESET)
</UL>
<P><STRONG><a name="[3]"></a>SVC_Handler</STRONG> (Thumb, 2 bytes, Stack size 0 bytes, startup_lpc11xx.o(.text))
<BR><BR>[Calls]<UL><LI><a href="#[3]">&gt;&gt;</a>&nbsp;&nbsp;&nbsp;SVC_Handler
</UL>
<BR>[Called By]<UL><LI><a href="#[3]">&gt;&gt;</a>&nbsp;&nbsp;&nbsp;SVC_Handler
</UL>
<BR>[Address Reference Count : 1]<UL><LI> startup_lpc11xx.o(RESET)
</UL>
<P><STRONG><a name="[4]"></a>PendSV_Handler</STRONG> (Thumb, 2 bytes, Stack size 0 bytes, startup_lpc11xx.o(.text))
<BR><BR>[Calls]<UL><LI><a href="#[4]">&gt;&gt;</a>&nbsp;&nbsp;&nbsp;PendSV_Handler
</UL>
<BR>[Called By]<UL><LI><a href="#[4]">&gt;&gt;</a>&nbsp;&nbsp;&nbsp;PendSV_Handler
</UL>
<BR>[Address Reference Count : 1]<UL><LI> startup_lpc11xx.o(RESET)
</UL>
<P><STRONG><a name="[5]"></a>SysTick_Handler</STRONG> (Thumb, 2 bytes, Stack size 0 bytes, startup_lpc11xx.o(.text))
<BR><BR>[Calls]<UL><LI><a href="#[5]">&gt;&gt;</a>&nbsp;&nbsp;&nbsp;SysTick_Handler
</UL>
<BR>[Called By]<UL><LI><a href="#[5]">&gt;&gt;</a>&nbsp;&nbsp;&nbsp;SysTick_Handler
</UL>
<BR>[Address Reference Count : 1]<UL><LI> startup_lpc11xx.o(RESET)
</UL>
<P><STRONG><a name="[12]"></a>ADC_IRQHandler</STRONG> (Thumb, 0 bytes, Stack size 0 bytes, startup_lpc11xx.o(.text))
<BR><BR>[Calls]<UL><LI><a href="#[12]">&gt;&gt;</a>&nbsp;&nbsp;&nbsp;ADC_IRQHandler
</UL>
<BR>[Called By]<UL><LI><a href="#[12]">&gt;&gt;</a>&nbsp;&nbsp;&nbsp;ADC_IRQHandler
</UL>
<BR>[Address Reference Count : 1]<UL><LI> startup_lpc11xx.o(RESET)
</UL>
<P><STRONG><a name="[14]"></a>BOD_IRQHandler</STRONG> (Thumb, 0 bytes, Stack size 0 bytes, startup_lpc11xx.o(.text))
<BR>[Address Reference Count : 1]<UL><LI> startup_lpc11xx.o(RESET)
</UL>
<P><STRONG><a name="[7]"></a>CAN_IRQHandler</STRONG> (Thumb, 0 bytes, Stack size 0 bytes, startup_lpc11xx.o(.text))
<BR>[Address Reference Count : 1]<UL><LI> startup_lpc11xx.o(RESET)
</UL>
<P><STRONG><a name="[15]"></a>FMC_IRQHandler</STRONG> (Thumb, 0 bytes, Stack size 0 bytes, startup_lpc11xx.o(.text))
<BR>[Address Reference Count : 1]<UL><LI> startup_lpc11xx.o(RESET)
</UL>
<P><STRONG><a name="[9]"></a>I2C_IRQHandler</STRONG> (Thumb, 0 bytes, Stack size 0 bytes, startup_lpc11xx.o(.text))
<BR>[Address Reference Count : 1]<UL><LI> startup_lpc11xx.o(RESET)
</UL>
<P><STRONG><a name="[8]"></a>SSP1_IRQHandler</STRONG> (Thumb, 0 bytes, Stack size 0 bytes, startup_lpc11xx.o(.text))
<BR>[Address Reference Count : 1]<UL><LI> startup_lpc11xx.o(RESET)
</UL>
<P><STRONG><a name="[a]"></a>TIMER16_0_IRQHandler</STRONG> (Thumb, 0 bytes, Stack size 0 bytes, startup_lpc11xx.o(.text))
<BR>[Address Reference Count : 1]<UL><LI> startup_lpc11xx.o(RESET)
</UL>
<P><STRONG><a name="[b]"></a>TIMER16_1_IRQHandler</STRONG> (Thumb, 0 bytes, Stack size 0 bytes, startup_lpc11xx.o(.text))
<BR>[Address Reference Count : 1]<UL><LI> startup_lpc11xx.o(RESET)
</UL>
<P><STRONG><a name="[c]"></a>TIMER32_0_IRQHandler</STRONG> (Thumb, 0 bytes, Stack size 0 bytes, startup_lpc11xx.o(.text))
<BR>[Address Reference Count : 1]<UL><LI> startup_lpc11xx.o(RESET)
</UL>
<P><STRONG><a name="[d]"></a>TIMER32_1_IRQHandler</STRONG> (Thumb, 0 bytes, Stack size 0 bytes, startup_lpc11xx.o(.text))
<BR>[Address Reference Count : 1]<UL><LI> startup_lpc11xx.o(RESET)
</UL>
<P><STRONG><a name="[11]"></a>USB_FIQHandler</STRONG> (Thumb, 0 bytes, Stack size 0 bytes, startup_lpc11xx.o(.text))
<BR>[Address Reference Count : 1]<UL><LI> startup_lpc11xx.o(RESET)
</UL>
<P><STRONG><a name="[10]"></a>USB_IRQHandler</STRONG> (Thumb, 0 bytes, Stack size 0 bytes, startup_lpc11xx.o(.text))
<BR>[Address Reference Count : 1]<UL><LI> startup_lpc11xx.o(RESET)
</UL>
<P><STRONG><a name="[6]"></a>WAKEUP_IRQHandler</STRONG> (Thumb, 0 bytes, Stack size 0 bytes, startup_lpc11xx.o(.text))
<BR>[Address Reference Count : 1]<UL><LI> startup_lpc11xx.o(RESET)
</UL>
<P><STRONG><a name="[13]"></a>WDT_IRQHandler</STRONG> (Thumb, 0 bytes, Stack size 0 bytes, startup_lpc11xx.o(.text))
<BR>[Address Reference Count : 1]<UL><LI> startup_lpc11xx.o(RESET)
</UL>
<P><STRONG><a name="[20]"></a>Main_PLL_Setup</STRONG> (Thumb, 140 bytes, Stack size 0 bytes, system_lpc11xx.o(.text))
<BR><BR>[Called By]<UL><LI><a href="#[1b]">&gt;&gt;</a>&nbsp;&nbsp;&nbsp;SystemInit
</UL>

<P><STRONG><a name="[4c]"></a>USB_PLL_Setup</STRONG> (Thumb, 134 bytes, Stack size 0 bytes, system_lpc11xx.o(.text), UNUSED)

<P><STRONG><a name="[1b]"></a>SystemInit</STRONG> (Thumb, 74 bytes, Stack size 4 bytes, system_lpc11xx.o(.text))
<BR><BR>[Stack]<UL><LI>Max Depth = 4<LI>Call Chain = SystemInit
</UL>
<BR>[Calls]<UL><LI><a href="#[20]">&gt;&gt;</a>&nbsp;&nbsp;&nbsp;Main_PLL_Setup
</UL>
<BR>[Called By]<UL><LI><a href="#[1a]">&gt;&gt;</a>&nbsp;&nbsp;&nbsp;main
</UL>
<BR>[Address Reference Count : 1]<UL><LI> startup_lpc11xx.o(.text)
</UL>
<P><STRONG><a name="[1d]"></a>fputc</STRONG> (Thumb, 18 bytes, Stack size 0 bytes, retarget.o(.text))
<BR>[Address Reference Count : 1]<UL><LI> printfb.o(i.__0printf$bare)
</UL>
<P><STRONG><a name="[1f]"></a>__scatterload</STRONG> (Thumb, 28 bytes, Stack size 0 bytes, init.o(.text))
<BR><BR>[Calls]<UL><LI><a href="#[21]">&gt;&gt;</a>&nbsp;&nbsp;&nbsp;__main_after_scatterload
</UL>
<BR>[Called By]<UL><LI><a href="#[1e]">&gt;&gt;</a>&nbsp;&nbsp;&nbsp;_main_scatterload
</UL>

<P><STRONG><a name="[4d]"></a>__scatterload_rt2</STRONG> (Thumb, 0 bytes, Stack size 0 bytes, init.o(.text), UNUSED)

<P><STRONG><a name="[4e]"></a>__scatterload_null</STRONG> (Thumb, 2 bytes, Stack size unknown bytes, handlers.o(i.__scatterload_null), UNUSED)

<P><STRONG><a name="[f]"></a>UART_IRQHandler</STRONG> (Thumb, 180 bytes, Stack size 16 bytes, uart.o(.text))
<BR><BR>[Stack]<UL><LI>Max Depth = 16<LI>Call Chain = UART_IRQHandler
</UL>
<BR>[Address Reference Count : 1]<UL><LI> startup_lpc11xx.o(RESET)
</UL>
<P><STRONG><a name="[4f]"></a>ModemInit</STRONG> (Thumb, 190 bytes, Stack size 0 bytes, uart.o(.text), UNUSED)

<P><STRONG><a name="[22]"></a>UARTInit</STRONG> (Thumb, 204 bytes, Stack size 24 bytes, uart.o(.text))
<BR><BR>[Stack]<UL><LI>Max Depth = 36<LI>Call Chain = UARTInit &rArr; __aeabi_uidivmod
</UL>
<BR>[Calls]<UL><LI><a href="#[23]">&gt;&gt;</a>&nbsp;&nbsp;&nbsp;__aeabi_uidivmod
</UL>
<BR>[Called By]<UL><LI><a href="#[1a]">&gt;&gt;</a>&nbsp;&nbsp;&nbsp;main
</UL>

<P><STRONG><a name="[39]"></a>UARTSend</STRONG> (Thumb, 30 bytes, Stack size 0 bytes, uart.o(.text))
<BR><BR>[Called By]<UL><LI><a href="#[1a]">&gt;&gt;</a>&nbsp;&nbsp;&nbsp;main
</UL>

<P><STRONG><a name="[25]"></a>GPIOIntClear</STRONG> (Thumb, 88 bytes, Stack size 0 bytes, gpio.o(.text))
<BR><BR>[Called By]<UL><LI><a href="#[16]">&gt;&gt;</a>&nbsp;&nbsp;&nbsp;PIOINT3_IRQHandler
<LI><a href="#[17]">&gt;&gt;</a>&nbsp;&nbsp;&nbsp;PIOINT2_IRQHandler
<LI><a href="#[18]">&gt;&gt;</a>&nbsp;&nbsp;&nbsp;PIOINT1_IRQHandler
<LI><a href="#[19]">&gt;&gt;</a>&nbsp;&nbsp;&nbsp;PIOINT0_IRQHandler
</UL>

<P><STRONG><a name="[24]"></a>GPIOIntStatus</STRONG> (Thumb, 94 bytes, Stack size 8 bytes, gpio.o(.text))
<BR><BR>[Stack]<UL><LI>Max Depth = 8<LI>Call Chain = GPIOIntStatus
</UL>
<BR>[Called By]<UL><LI><a href="#[16]">&gt;&gt;</a>&nbsp;&nbsp;&nbsp;PIOINT3_IRQHandler
<LI><a href="#[17]">&gt;&gt;</a>&nbsp;&nbsp;&nbsp;PIOINT2_IRQHandler
<LI><a href="#[18]">&gt;&gt;</a>&nbsp;&nbsp;&nbsp;PIOINT1_IRQHandler
<LI><a href="#[19]">&gt;&gt;</a>&nbsp;&nbsp;&nbsp;PIOINT0_IRQHandler
</UL>

<P><STRONG><a name="[19]"></a>PIOINT0_IRQHandler</STRONG> (Thumb, 52 bytes, Stack size 8 bytes, gpio.o(.text))
<BR><BR>[Stack]<UL><LI>Max Depth = 16<LI>Call Chain = PIOINT0_IRQHandler &rArr; __2printf
</UL>
<BR>[Calls]<UL><LI><a href="#[26]">&gt;&gt;</a>&nbsp;&nbsp;&nbsp;__2printf
<LI><a href="#[24]">&gt;&gt;</a>&nbsp;&nbsp;&nbsp;GPIOIntStatus
<LI><a href="#[25]">&gt;&gt;</a>&nbsp;&nbsp;&nbsp;GPIOIntClear
</UL>
<BR>[Address Reference Count : 1]<UL><LI> startup_lpc11xx.o(RESET)
</UL>
<P><STRONG><a name="[18]"></a>PIOINT1_IRQHandler</STRONG> (Thumb, 46 bytes, Stack size 8 bytes, gpio.o(.text))
<BR><BR>[Stack]<UL><LI>Max Depth = 16<LI>Call Chain = PIOINT1_IRQHandler &rArr; GPIOIntStatus
</UL>
<BR>[Calls]<UL><LI><a href="#[24]">&gt;&gt;</a>&nbsp;&nbsp;&nbsp;GPIOIntStatus
<LI><a href="#[25]">&gt;&gt;</a>&nbsp;&nbsp;&nbsp;GPIOIntClear
</UL>
<BR>[Address Reference Count : 1]<UL><LI> startup_lpc11xx.o(RESET)
</UL>
<P><STRONG><a name="[17]"></a>PIOINT2_IRQHandler</STRONG> (Thumb, 46 bytes, Stack size 8 bytes, gpio.o(.text))
<BR><BR>[Stack]<UL><LI>Max Depth = 16<LI>Call Chain = PIOINT2_IRQHandler &rArr; GPIOIntStatus
</UL>
<BR>[Calls]<UL><LI><a href="#[24]">&gt;&gt;</a>&nbsp;&nbsp;&nbsp;GPIOIntStatus
<LI><a href="#[25]">&gt;&gt;</a>&nbsp;&nbsp;&nbsp;GPIOIntClear
</UL>
<BR>[Address Reference Count : 1]<UL><LI> startup_lpc11xx.o(RESET)
</UL>
<P><STRONG><a name="[16]"></a>PIOINT3_IRQHandler</STRONG> (Thumb, 46 bytes, Stack size 8 bytes, gpio.o(.text))
<BR><BR>[Stack]<UL><LI>Max Depth = 16<LI>Call Chain = PIOINT3_IRQHandler &rArr; GPIOIntStatus
</UL>
<BR>[Calls]<UL><LI><a href="#[24]">&gt;&gt;</a>&nbsp;&nbsp;&nbsp;GPIOIntStatus
<LI><a href="#[25]">&gt;&gt;</a>&nbsp;&nbsp;&nbsp;GPIOIntClear
</UL>
<BR>[Address Reference Count : 1]<UL><LI> startup_lpc11xx.o(RESET)
</UL>
<P><STRONG><a name="[27]"></a>GPIOInit</STRONG> (Thumb, 40 bytes, Stack size 8 bytes, gpio.o(.text), UNUSED)
<BR><BR>[Calls]<UL><LI><a href="#[28]">&gt;&gt;</a>&nbsp;&nbsp;&nbsp;NVIC_EnableIRQ
</UL>

<P><STRONG><a name="[2a]"></a>GPIOSetDir</STRONG> (Thumb, 284 bytes, Stack size 8 bytes, gpio.o(.text))
<BR><BR>[Stack]<UL><LI>Max Depth = 8<LI>Call Chain = GPIOSetDir
</UL>
<BR>[Called By]<UL><LI><a href="#[2f]">&gt;&gt;</a>&nbsp;&nbsp;&nbsp;GpioRc522
<LI><a href="#[2d]">&gt;&gt;</a>&nbsp;&nbsp;&nbsp;SPI_IOConfig
<LI><a href="#[2c]">&gt;&gt;</a>&nbsp;&nbsp;&nbsp;SSP_IOConfig
<LI><a href="#[29]">&gt;&gt;</a>&nbsp;&nbsp;&nbsp;SPI0_masterRS
</UL>

<P><STRONG><a name="[2b]"></a>GPIOSetValue</STRONG> (Thumb, 284 bytes, Stack size 8 bytes, gpio.o(.text))
<BR><BR>[Stack]<UL><LI>Max Depth = 8<LI>Call Chain = GPIOSetValue
</UL>
<BR>[Called By]<UL><LI><a href="#[41]">&gt;&gt;</a>&nbsp;&nbsp;&nbsp;WriteRawRC
<LI><a href="#[40]">&gt;&gt;</a>&nbsp;&nbsp;&nbsp;ReadRawRC
<LI><a href="#[30]">&gt;&gt;</a>&nbsp;&nbsp;&nbsp;PcdReset
<LI><a href="#[1a]">&gt;&gt;</a>&nbsp;&nbsp;&nbsp;main
<LI><a href="#[2d]">&gt;&gt;</a>&nbsp;&nbsp;&nbsp;SPI_IOConfig
<LI><a href="#[2c]">&gt;&gt;</a>&nbsp;&nbsp;&nbsp;SSP_IOConfig
<LI><a href="#[29]">&gt;&gt;</a>&nbsp;&nbsp;&nbsp;SPI0_masterRS
</UL>

<P><STRONG><a name="[50]"></a>GPIOSetInterrupt</STRONG> (Thumb, 546 bytes, Stack size 16 bytes, gpio.o(.text), UNUSED)

<P><STRONG><a name="[51]"></a>GPIOIntEnable</STRONG> (Thumb, 88 bytes, Stack size 0 bytes, gpio.o(.text), UNUSED)

<P><STRONG><a name="[52]"></a>GPIOIntDisable</STRONG> (Thumb, 88 bytes, Stack size 0 bytes, gpio.o(.text), UNUSED)

<P><STRONG><a name="[29]"></a>SPI0_masterRS</STRONG> (Thumb, 120 bytes, Stack size 16 bytes, ssp.o(.text), UNUSED)
<BR><BR>[Calls]<UL><LI><a href="#[2b]">&gt;&gt;</a>&nbsp;&nbsp;&nbsp;GPIOSetValue
<LI><a href="#[2a]">&gt;&gt;</a>&nbsp;&nbsp;&nbsp;GPIOSetDir
</UL>

<P><STRONG><a name="[37]"></a>SPI0_slaveRS</STRONG> (Thumb, 76 bytes, Stack size 0 bytes, ssp.o(.text))
<BR><BR>[Called By]<UL><LI><a href="#[1a]">&gt;&gt;</a>&nbsp;&nbsp;&nbsp;main
</UL>

<P><STRONG><a name="[e]"></a>SSP0_IRQHandler</STRONG> (Thumb, 192 bytes, Stack size 8 bytes, ssp.o(.text))
<BR><BR>[Stack]<UL><LI>Max Depth = 8<LI>Call Chain = SSP0_IRQHandler
</UL>
<BR>[Address Reference Count : 1]<UL><LI> startup_lpc11xx.o(RESET)
</UL>
<P><STRONG><a name="[2c]"></a>SSP_IOConfig</STRONG> (Thumb, 318 bytes, Stack size 8 bytes, ssp.o(.text))
<BR><BR>[Stack]<UL><LI>Max Depth = 16<LI>Call Chain = SSP_IOConfig &rArr; GPIOSetValue
</UL>
<BR>[Calls]<UL><LI><a href="#[2b]">&gt;&gt;</a>&nbsp;&nbsp;&nbsp;GPIOSetValue
<LI><a href="#[2a]">&gt;&gt;</a>&nbsp;&nbsp;&nbsp;GPIOSetDir
</UL>
<BR>[Called By]<UL><LI><a href="#[1a]">&gt;&gt;</a>&nbsp;&nbsp;&nbsp;main
</UL>

<P><STRONG><a name="[2d]"></a>SPI_IOConfig</STRONG> (Thumb, 438 bytes, Stack size 8 bytes, ssp.o(.text), UNUSED)
<BR><BR>[Calls]<UL><LI><a href="#[2b]">&gt;&gt;</a>&nbsp;&nbsp;&nbsp;GPIOSetValue
<LI><a href="#[2a]">&gt;&gt;</a>&nbsp;&nbsp;&nbsp;GPIOSetDir
</UL>

<P><STRONG><a name="[2e]"></a>SSP_Init</STRONG> (Thumb, 106 bytes, Stack size 12 bytes, ssp.o(.text))
<BR><BR>[Stack]<UL><LI>Max Depth = 12<LI>Call Chain = SSP_Init
</UL>
<BR>[Called By]<UL><LI><a href="#[1a]">&gt;&gt;</a>&nbsp;&nbsp;&nbsp;main
</UL>

<P><STRONG><a name="[53]"></a>delay</STRONG> (Thumb, 14 bytes, Stack size 0 bytes, main.o(.text), UNUSED)

<P><STRONG><a name="[36]"></a>RFID_CheckSum</STRONG> (Thumb, 28 bytes, Stack size 0 bytes, main.o(.text))
<BR><BR>[Called By]<UL><LI><a href="#[1a]">&gt;&gt;</a>&nbsp;&nbsp;&nbsp;main
</UL>

<P><STRONG><a name="[1a]"></a>main</STRONG> (Thumb, 796 bytes, Stack size 40 bytes, main.o(.text))
<BR><BR>[Stack]<UL><LI>Max Depth = 200<LI>Call Chain = main &rArr; PcdValue &rArr; PcdComMF522 &rArr; SetBitMask &rArr; WriteRawRC &rArr; GPIOSetValue
</UL>
<BR>[Calls]<UL><LI><a href="#[26]">&gt;&gt;</a>&nbsp;&nbsp;&nbsp;__2printf
<LI><a href="#[3a]">&gt;&gt;</a>&nbsp;&nbsp;&nbsp;PcdWrite
<LI><a href="#[3d]">&gt;&gt;</a>&nbsp;&nbsp;&nbsp;PcdValue
<LI><a href="#[33]">&gt;&gt;</a>&nbsp;&nbsp;&nbsp;PcdSelect
<LI><a href="#[30]">&gt;&gt;</a>&nbsp;&nbsp;&nbsp;PcdReset
<LI><a href="#[3b]">&gt;&gt;</a>&nbsp;&nbsp;&nbsp;PcdRequest
<LI><a href="#[35]">&gt;&gt;</a>&nbsp;&nbsp;&nbsp;PcdRead
<LI><a href="#[3f]">&gt;&gt;</a>&nbsp;&nbsp;&nbsp;PcdHalt
<LI><a href="#[3e]">&gt;&gt;</a>&nbsp;&nbsp;&nbsp;PcdBakValue
<LI><a href="#[34]">&gt;&gt;</a>&nbsp;&nbsp;&nbsp;PcdAuthState
<LI><a href="#[3c]">&gt;&gt;</a>&nbsp;&nbsp;&nbsp;PcdAnticoll
<LI><a href="#[32]">&gt;&gt;</a>&nbsp;&nbsp;&nbsp;PcdAntennaOn
<LI><a href="#[31]">&gt;&gt;</a>&nbsp;&nbsp;&nbsp;PcdAntennaOff
<LI><a href="#[2f]">&gt;&gt;</a>&nbsp;&nbsp;&nbsp;GpioRc522
<LI><a href="#[36]">&gt;&gt;</a>&nbsp;&nbsp;&nbsp;RFID_CheckSum
<LI><a href="#[38]">&gt;&gt;</a>&nbsp;&nbsp;&nbsp;NVIC_EnableIRQ
<LI><a href="#[2e]">&gt;&gt;</a>&nbsp;&nbsp;&nbsp;SSP_Init
<LI><a href="#[2c]">&gt;&gt;</a>&nbsp;&nbsp;&nbsp;SSP_IOConfig
<LI><a href="#[37]">&gt;&gt;</a>&nbsp;&nbsp;&nbsp;SPI0_slaveRS
<LI><a href="#[2b]">&gt;&gt;</a>&nbsp;&nbsp;&nbsp;GPIOSetValue
<LI><a href="#[39]">&gt;&gt;</a>&nbsp;&nbsp;&nbsp;UARTSend
<LI><a href="#[22]">&gt;&gt;</a>&nbsp;&nbsp;&nbsp;UARTInit
<LI><a href="#[1b]">&gt;&gt;</a>&nbsp;&nbsp;&nbsp;SystemInit
</UL>
<BR>[Address Reference Count : 1]<UL><LI> entry8.o(.ARM.Collect$$$$00000009)
</UL>
<P><STRONG><a name="[40]"></a>ReadRawRC</STRONG> (Thumb, 156 bytes, Stack size 24 bytes, rc522.o(.text))
<BR><BR>[Stack]<UL><LI>Max Depth = 32<LI>Call Chain = ReadRawRC &rArr; GPIOSetValue
</UL>
<BR>[Calls]<UL><LI><a href="#[2b]">&gt;&gt;</a>&nbsp;&nbsp;&nbsp;GPIOSetValue
</UL>
<BR>[Called By]<UL><LI><a href="#[46]">&gt;&gt;</a>&nbsp;&nbsp;&nbsp;CalulateCRC
<LI><a href="#[45]">&gt;&gt;</a>&nbsp;&nbsp;&nbsp;PcdComMF522
<LI><a href="#[44]">&gt;&gt;</a>&nbsp;&nbsp;&nbsp;SetBitMask
<LI><a href="#[43]">&gt;&gt;</a>&nbsp;&nbsp;&nbsp;ClearBitMask
<LI><a href="#[34]">&gt;&gt;</a>&nbsp;&nbsp;&nbsp;PcdAuthState
<LI><a href="#[32]">&gt;&gt;</a>&nbsp;&nbsp;&nbsp;PcdAntennaOn
</UL>

<P><STRONG><a name="[41]"></a>WriteRawRC</STRONG> (Thumb, 168 bytes, Stack size 24 bytes, rc522.o(.text))
<BR><BR>[Stack]<UL><LI>Max Depth = 32<LI>Call Chain = WriteRawRC &rArr; GPIOSetValue
</UL>
<BR>[Calls]<UL><LI><a href="#[42]">&gt;&gt;</a>&nbsp;&nbsp;&nbsp;__nop_
<LI><a href="#[2b]">&gt;&gt;</a>&nbsp;&nbsp;&nbsp;GPIOSetValue
</UL>
<BR>[Called By]<UL><LI><a href="#[46]">&gt;&gt;</a>&nbsp;&nbsp;&nbsp;CalulateCRC
<LI><a href="#[45]">&gt;&gt;</a>&nbsp;&nbsp;&nbsp;PcdComMF522
<LI><a href="#[44]">&gt;&gt;</a>&nbsp;&nbsp;&nbsp;SetBitMask
<LI><a href="#[43]">&gt;&gt;</a>&nbsp;&nbsp;&nbsp;ClearBitMask
<LI><a href="#[30]">&gt;&gt;</a>&nbsp;&nbsp;&nbsp;PcdReset
<LI><a href="#[3b]">&gt;&gt;</a>&nbsp;&nbsp;&nbsp;PcdRequest
<LI><a href="#[3c]">&gt;&gt;</a>&nbsp;&nbsp;&nbsp;PcdAnticoll
</UL>

<P><STRONG><a name="[43]"></a>ClearBitMask</STRONG> (Thumb, 30 bytes, Stack size 16 bytes, rc522.o(.text))
<BR><BR>[Stack]<UL><LI>Max Depth = 48<LI>Call Chain = ClearBitMask &rArr; WriteRawRC &rArr; GPIOSetValue
</UL>
<BR>[Calls]<UL><LI><a href="#[41]">&gt;&gt;</a>&nbsp;&nbsp;&nbsp;WriteRawRC
<LI><a href="#[40]">&gt;&gt;</a>&nbsp;&nbsp;&nbsp;ReadRawRC
</UL>
<BR>[Called By]<UL><LI><a href="#[46]">&gt;&gt;</a>&nbsp;&nbsp;&nbsp;CalulateCRC
<LI><a href="#[45]">&gt;&gt;</a>&nbsp;&nbsp;&nbsp;PcdComMF522
<LI><a href="#[33]">&gt;&gt;</a>&nbsp;&nbsp;&nbsp;PcdSelect
<LI><a href="#[3b]">&gt;&gt;</a>&nbsp;&nbsp;&nbsp;PcdRequest
<LI><a href="#[3c]">&gt;&gt;</a>&nbsp;&nbsp;&nbsp;PcdAnticoll
<LI><a href="#[31]">&gt;&gt;</a>&nbsp;&nbsp;&nbsp;PcdAntennaOff
</UL>

<P><STRONG><a name="[31]"></a>PcdAntennaOff</STRONG> (Thumb, 12 bytes, Stack size 8 bytes, rc522.o(.text))
<BR><BR>[Stack]<UL><LI>Max Depth = 56<LI>Call Chain = PcdAntennaOff &rArr; ClearBitMask &rArr; WriteRawRC &rArr; GPIOSetValue
</UL>
<BR>[Calls]<UL><LI><a href="#[43]">&gt;&gt;</a>&nbsp;&nbsp;&nbsp;ClearBitMask
</UL>
<BR>[Called By]<UL><LI><a href="#[1a]">&gt;&gt;</a>&nbsp;&nbsp;&nbsp;main
</UL>

<P><STRONG><a name="[30]"></a>PcdReset</STRONG> (Thumb, 112 bytes, Stack size 8 bytes, rc522.o(.text))
<BR><BR>[Stack]<UL><LI>Max Depth = 40<LI>Call Chain = PcdReset &rArr; WriteRawRC &rArr; GPIOSetValue
</UL>
<BR>[Calls]<UL><LI><a href="#[41]">&gt;&gt;</a>&nbsp;&nbsp;&nbsp;WriteRawRC
<LI><a href="#[42]">&gt;&gt;</a>&nbsp;&nbsp;&nbsp;__nop_
<LI><a href="#[2b]">&gt;&gt;</a>&nbsp;&nbsp;&nbsp;GPIOSetValue
</UL>
<BR>[Called By]<UL><LI><a href="#[1a]">&gt;&gt;</a>&nbsp;&nbsp;&nbsp;main
</UL>

<P><STRONG><a name="[44]"></a>SetBitMask</STRONG> (Thumb, 30 bytes, Stack size 16 bytes, rc522.o(.text))
<BR><BR>[Stack]<UL><LI>Max Depth = 48<LI>Call Chain = SetBitMask &rArr; WriteRawRC &rArr; GPIOSetValue
</UL>
<BR>[Calls]<UL><LI><a href="#[41]">&gt;&gt;</a>&nbsp;&nbsp;&nbsp;WriteRawRC
<LI><a href="#[40]">&gt;&gt;</a>&nbsp;&nbsp;&nbsp;ReadRawRC
</UL>
<BR>[Called By]<UL><LI><a href="#[46]">&gt;&gt;</a>&nbsp;&nbsp;&nbsp;CalulateCRC
<LI><a href="#[45]">&gt;&gt;</a>&nbsp;&nbsp;&nbsp;PcdComMF522
<LI><a href="#[3b]">&gt;&gt;</a>&nbsp;&nbsp;&nbsp;PcdRequest
<LI><a href="#[3c]">&gt;&gt;</a>&nbsp;&nbsp;&nbsp;PcdAnticoll
<LI><a href="#[32]">&gt;&gt;</a>&nbsp;&nbsp;&nbsp;PcdAntennaOn
</UL>

<P><STRONG><a name="[32]"></a>PcdAntennaOn</STRONG> (Thumb, 26 bytes, Stack size 8 bytes, rc522.o(.text))
<BR><BR>[Stack]<UL><LI>Max Depth = 56<LI>Call Chain = PcdAntennaOn &rArr; SetBitMask &rArr; WriteRawRC &rArr; GPIOSetValue
</UL>
<BR>[Calls]<UL><LI><a href="#[44]">&gt;&gt;</a>&nbsp;&nbsp;&nbsp;SetBitMask
<LI><a href="#[40]">&gt;&gt;</a>&nbsp;&nbsp;&nbsp;ReadRawRC
</UL>
<BR>[Called By]<UL><LI><a href="#[1a]">&gt;&gt;</a>&nbsp;&nbsp;&nbsp;main
</UL>

<P><STRONG><a name="[45]"></a>PcdComMF522</STRONG> (Thumb, 306 bytes, Stack size 48 bytes, rc522.o(.text))
<BR><BR>[Stack]<UL><LI>Max Depth = 96<LI>Call Chain = PcdComMF522 &rArr; SetBitMask &rArr; WriteRawRC &rArr; GPIOSetValue
</UL>
<BR>[Calls]<UL><LI><a href="#[44]">&gt;&gt;</a>&nbsp;&nbsp;&nbsp;SetBitMask
<LI><a href="#[43]">&gt;&gt;</a>&nbsp;&nbsp;&nbsp;ClearBitMask
<LI><a href="#[41]">&gt;&gt;</a>&nbsp;&nbsp;&nbsp;WriteRawRC
<LI><a href="#[40]">&gt;&gt;</a>&nbsp;&nbsp;&nbsp;ReadRawRC
</UL>
<BR>[Called By]<UL><LI><a href="#[3a]">&gt;&gt;</a>&nbsp;&nbsp;&nbsp;PcdWrite
<LI><a href="#[3d]">&gt;&gt;</a>&nbsp;&nbsp;&nbsp;PcdValue
<LI><a href="#[33]">&gt;&gt;</a>&nbsp;&nbsp;&nbsp;PcdSelect
<LI><a href="#[3b]">&gt;&gt;</a>&nbsp;&nbsp;&nbsp;PcdRequest
<LI><a href="#[35]">&gt;&gt;</a>&nbsp;&nbsp;&nbsp;PcdRead
<LI><a href="#[3f]">&gt;&gt;</a>&nbsp;&nbsp;&nbsp;PcdHalt
<LI><a href="#[3e]">&gt;&gt;</a>&nbsp;&nbsp;&nbsp;PcdBakValue
<LI><a href="#[34]">&gt;&gt;</a>&nbsp;&nbsp;&nbsp;PcdAuthState
<LI><a href="#[3c]">&gt;&gt;</a>&nbsp;&nbsp;&nbsp;PcdAnticoll
</UL>

<P><STRONG><a name="[3b]"></a>PcdRequest</STRONG> (Thumb, 86 bytes, Stack size 48 bytes, rc522.o(.text))
<BR><BR>[Stack]<UL><LI>Max Depth = 144<LI>Call Chain = PcdRequest &rArr; PcdComMF522 &rArr; SetBitMask &rArr; WriteRawRC &rArr; GPIOSetValue
</UL>
<BR>[Calls]<UL><LI><a href="#[45]">&gt;&gt;</a>&nbsp;&nbsp;&nbsp;PcdComMF522
<LI><a href="#[44]">&gt;&gt;</a>&nbsp;&nbsp;&nbsp;SetBitMask
<LI><a href="#[43]">&gt;&gt;</a>&nbsp;&nbsp;&nbsp;ClearBitMask
<LI><a href="#[41]">&gt;&gt;</a>&nbsp;&nbsp;&nbsp;WriteRawRC
</UL>
<BR>[Called By]<UL><LI><a href="#[1a]">&gt;&gt;</a>&nbsp;&nbsp;&nbsp;main
</UL>

<P><STRONG><a name="[3c]"></a>PcdAnticoll</STRONG> (Thumb, 112 bytes, Stack size 48 bytes, rc522.o(.text))
<BR><BR>[Stack]<UL><LI>Max Depth = 144<LI>Call Chain = PcdAnticoll &rArr; PcdComMF522 &rArr; SetBitMask &rArr; WriteRawRC &rArr; GPIOSetValue
</UL>
<BR>[Calls]<UL><LI><a href="#[45]">&gt;&gt;</a>&nbsp;&nbsp;&nbsp;PcdComMF522
<LI><a href="#[44]">&gt;&gt;</a>&nbsp;&nbsp;&nbsp;SetBitMask
<LI><a href="#[43]">&gt;&gt;</a>&nbsp;&nbsp;&nbsp;ClearBitMask
<LI><a href="#[41]">&gt;&gt;</a>&nbsp;&nbsp;&nbsp;WriteRawRC
</UL>
<BR>[Called By]<UL><LI><a href="#[1a]">&gt;&gt;</a>&nbsp;&nbsp;&nbsp;main
</UL>

<P><STRONG><a name="[46]"></a>CalulateCRC</STRONG> (Thumb, 110 bytes, Stack size 32 bytes, rc522.o(.text))
<BR><BR>[Stack]<UL><LI>Max Depth = 80<LI>Call Chain = CalulateCRC &rArr; SetBitMask &rArr; WriteRawRC &rArr; GPIOSetValue
</UL>
<BR>[Calls]<UL><LI><a href="#[44]">&gt;&gt;</a>&nbsp;&nbsp;&nbsp;SetBitMask
<LI><a href="#[43]">&gt;&gt;</a>&nbsp;&nbsp;&nbsp;ClearBitMask
<LI><a href="#[41]">&gt;&gt;</a>&nbsp;&nbsp;&nbsp;WriteRawRC
<LI><a href="#[40]">&gt;&gt;</a>&nbsp;&nbsp;&nbsp;ReadRawRC
</UL>
<BR>[Called By]<UL><LI><a href="#[3a]">&gt;&gt;</a>&nbsp;&nbsp;&nbsp;PcdWrite
<LI><a href="#[3d]">&gt;&gt;</a>&nbsp;&nbsp;&nbsp;PcdValue
<LI><a href="#[33]">&gt;&gt;</a>&nbsp;&nbsp;&nbsp;PcdSelect
<LI><a href="#[35]">&gt;&gt;</a>&nbsp;&nbsp;&nbsp;PcdRead
<LI><a href="#[3f]">&gt;&gt;</a>&nbsp;&nbsp;&nbsp;PcdHalt
<LI><a href="#[3e]">&gt;&gt;</a>&nbsp;&nbsp;&nbsp;PcdBakValue
</UL>

<P><STRONG><a name="[33]"></a>PcdSelect</STRONG> (Thumb, 112 bytes, Stack size 48 bytes, rc522.o(.text))
<BR><BR>[Stack]<UL><LI>Max Depth = 144<LI>Call Chain = PcdSelect &rArr; PcdComMF522 &rArr; SetBitMask &rArr; WriteRawRC &rArr; GPIOSetValue
</UL>
<BR>[Calls]<UL><LI><a href="#[46]">&gt;&gt;</a>&nbsp;&nbsp;&nbsp;CalulateCRC
<LI><a href="#[45]">&gt;&gt;</a>&nbsp;&nbsp;&nbsp;PcdComMF522
<LI><a href="#[43]">&gt;&gt;</a>&nbsp;&nbsp;&nbsp;ClearBitMask
</UL>
<BR>[Called By]<UL><LI><a href="#[1a]">&gt;&gt;</a>&nbsp;&nbsp;&nbsp;main
</UL>

<P><STRONG><a name="[34]"></a>PcdAuthState</STRONG> (Thumb, 102 bytes, Stack size 64 bytes, rc522.o(.text))
<BR><BR>[Stack]<UL><LI>Max Depth = 160<LI>Call Chain = PcdAuthState &rArr; PcdComMF522 &rArr; SetBitMask &rArr; WriteRawRC &rArr; GPIOSetValue
</UL>
<BR>[Calls]<UL><LI><a href="#[45]">&gt;&gt;</a>&nbsp;&nbsp;&nbsp;PcdComMF522
<LI><a href="#[40]">&gt;&gt;</a>&nbsp;&nbsp;&nbsp;ReadRawRC
</UL>
<BR>[Called By]<UL><LI><a href="#[1a]">&gt;&gt;</a>&nbsp;&nbsp;&nbsp;main
</UL>

<P><STRONG><a name="[35]"></a>PcdRead</STRONG> (Thumb, 82 bytes, Stack size 48 bytes, rc522.o(.text))
<BR><BR>[Stack]<UL><LI>Max Depth = 144<LI>Call Chain = PcdRead &rArr; PcdComMF522 &rArr; SetBitMask &rArr; WriteRawRC &rArr; GPIOSetValue
</UL>
<BR>[Calls]<UL><LI><a href="#[46]">&gt;&gt;</a>&nbsp;&nbsp;&nbsp;CalulateCRC
<LI><a href="#[45]">&gt;&gt;</a>&nbsp;&nbsp;&nbsp;PcdComMF522
</UL>
<BR>[Called By]<UL><LI><a href="#[1a]">&gt;&gt;</a>&nbsp;&nbsp;&nbsp;main
</UL>

<P><STRONG><a name="[3a]"></a>PcdWrite</STRONG> (Thumb, 148 bytes, Stack size 48 bytes, rc522.o(.text))
<BR><BR>[Stack]<UL><LI>Max Depth = 144<LI>Call Chain = PcdWrite &rArr; PcdComMF522 &rArr; SetBitMask &rArr; WriteRawRC &rArr; GPIOSetValue
</UL>
<BR>[Calls]<UL><LI><a href="#[46]">&gt;&gt;</a>&nbsp;&nbsp;&nbsp;CalulateCRC
<LI><a href="#[45]">&gt;&gt;</a>&nbsp;&nbsp;&nbsp;PcdComMF522
</UL>
<BR>[Called By]<UL><LI><a href="#[1a]">&gt;&gt;</a>&nbsp;&nbsp;&nbsp;main
</UL>

<P><STRONG><a name="[3f]"></a>PcdHalt</STRONG> (Thumb, 46 bytes, Stack size 32 bytes, rc522.o(.text))
<BR><BR>[Stack]<UL><LI>Max Depth = 128<LI>Call Chain = PcdHalt &rArr; PcdComMF522 &rArr; SetBitMask &rArr; WriteRawRC &rArr; GPIOSetValue
</UL>
<BR>[Calls]<UL><LI><a href="#[46]">&gt;&gt;</a>&nbsp;&nbsp;&nbsp;CalulateCRC
<LI><a href="#[45]">&gt;&gt;</a>&nbsp;&nbsp;&nbsp;PcdComMF522
</UL>
<BR>[Called By]<UL><LI><a href="#[1a]">&gt;&gt;</a>&nbsp;&nbsp;&nbsp;main
</UL>

<P><STRONG><a name="[3d]"></a>PcdValue</STRONG> (Thumb, 202 bytes, Stack size 64 bytes, rc522.o(.text))
<BR><BR>[Stack]<UL><LI>Max Depth = 160<LI>Call Chain = PcdValue &rArr; PcdComMF522 &rArr; SetBitMask &rArr; WriteRawRC &rArr; GPIOSetValue
</UL>
<BR>[Calls]<UL><LI><a href="#[46]">&gt;&gt;</a>&nbsp;&nbsp;&nbsp;CalulateCRC
<LI><a href="#[45]">&gt;&gt;</a>&nbsp;&nbsp;&nbsp;PcdComMF522
</UL>
<BR>[Called By]<UL><LI><a href="#[1a]">&gt;&gt;</a>&nbsp;&nbsp;&nbsp;main
</UL>

<P><STRONG><a name="[3e]"></a>PcdBakValue</STRONG> (Thumb, 196 bytes, Stack size 48 bytes, rc522.o(.text))
<BR><BR>[Stack]<UL><LI>Max Depth = 144<LI>Call Chain = PcdBakValue &rArr; PcdComMF522 &rArr; SetBitMask &rArr; WriteRawRC &rArr; GPIOSetValue
</UL>
<BR>[Calls]<UL><LI><a href="#[46]">&gt;&gt;</a>&nbsp;&nbsp;&nbsp;CalulateCRC
<LI><a href="#[45]">&gt;&gt;</a>&nbsp;&nbsp;&nbsp;PcdComMF522
</UL>
<BR>[Called By]<UL><LI><a href="#[1a]">&gt;&gt;</a>&nbsp;&nbsp;&nbsp;main
</UL>

<P><STRONG><a name="[2f]"></a>GpioRc522</STRONG> (Thumb, 142 bytes, Stack size 8 bytes, rc522.o(.text))
<BR><BR>[Stack]<UL><LI>Max Depth = 16<LI>Call Chain = GpioRc522 &rArr; GPIOSetDir
</UL>
<BR>[Calls]<UL><LI><a href="#[2a]">&gt;&gt;</a>&nbsp;&nbsp;&nbsp;GPIOSetDir
</UL>
<BR>[Called By]<UL><LI><a href="#[1a]">&gt;&gt;</a>&nbsp;&nbsp;&nbsp;main
</UL>

<P><STRONG><a name="[54]"></a>__aeabi_uidiv</STRONG> (Thumb, 0 bytes, Stack size 12 bytes, uidiv.o(.text), UNUSED)

<P><STRONG><a name="[23]"></a>__aeabi_uidivmod</STRONG> (Thumb, 44 bytes, Stack size 12 bytes, uidiv.o(.text))
<BR><BR>[Stack]<UL><LI>Max Depth = 12<LI>Call Chain = __aeabi_uidivmod
</UL>
<BR>[Called By]<UL><LI><a href="#[22]">&gt;&gt;</a>&nbsp;&nbsp;&nbsp;UARTInit
</UL>

<P><STRONG><a name="[47]"></a>__0printf$bare</STRONG> (Thumb, 12 bytes, Stack size 8 bytes, printfb.o(i.__0printf$bare), UNUSED)
<BR><BR>[Calls]<UL><LI><a href="#[48]">&gt;&gt;</a>&nbsp;&nbsp;&nbsp;_printf_core
</UL>

<P><STRONG><a name="[55]"></a>__1printf$bare</STRONG> (Thumb, 0 bytes, Stack size 8 bytes, printfb.o(i.__0printf$bare), UNUSED)

<P><STRONG><a name="[26]"></a>__2printf</STRONG> (Thumb, 0 bytes, Stack size 8 bytes, printfb.o(i.__0printf$bare))
<BR><BR>[Stack]<UL><LI>Max Depth = 8<LI>Call Chain = __2printf
</UL>
<BR>[Called By]<UL><LI><a href="#[1a]">&gt;&gt;</a>&nbsp;&nbsp;&nbsp;main
<LI><a href="#[19]">&gt;&gt;</a>&nbsp;&nbsp;&nbsp;PIOINT0_IRQHandler
</UL>

<P><STRONG><a name="[56]"></a>__scatterload_copy</STRONG> (Thumb, 14 bytes, Stack size unknown bytes, handlers.o(i.__scatterload_copy), UNUSED)

<P><STRONG><a name="[57]"></a>__scatterload_zeroinit</STRONG> (Thumb, 14 bytes, Stack size unknown bytes, handlers.o(i.__scatterload_zeroinit), UNUSED)
<P>
<H3>
Local Symbols
</H3>
<P><STRONG><a name="[28]"></a>NVIC_EnableIRQ</STRONG> (Thumb, 14 bytes, Stack size 0 bytes, gpio.o(.text), UNUSED)
<BR><BR>[Called By]<UL><LI><a href="#[27]">&gt;&gt;</a>&nbsp;&nbsp;&nbsp;GPIOInit
</UL>

<P><STRONG><a name="[38]"></a>NVIC_EnableIRQ</STRONG> (Thumb, 14 bytes, Stack size 0 bytes, main.o(.text))
<BR><BR>[Called By]<UL><LI><a href="#[1a]">&gt;&gt;</a>&nbsp;&nbsp;&nbsp;main
</UL>

<P><STRONG><a name="[48]"></a>_printf_core</STRONG> (Thumb, 30 bytes, Stack size 24 bytes, printfb.o(i._printf_core), UNUSED)
<BR><BR>[Called By]<UL><LI><a href="#[47]">&gt;&gt;</a>&nbsp;&nbsp;&nbsp;__0printf$bare
</UL>
<P>
<H3>
Undefined Global Symbols
</H3><HR></body></html>
